// Bun Snapshot v1, https://goo.gl/fbAQLP

exports[`example 1`] = `
{
  "code": 
"
		const el = html\`<div><h1>Hello World</h1></div>\`;
		const css = css\`.foo{color:red}\`;
	"
,
  "map": SourceMap {
    "file": ".map",
    "mappings": "AAAA;AACA,CAAC,CAAC,CAAC,CAAC,CAAC,CAAC,CAAC,CAAC,CAAC,CAAC,CAAC,CAAC,CAAC,CAAC,CAAC,CAAC,CAAC,CAAC,+BAAuC,CAAC,CAAC;AAC3D,CAAC,CAAC,CAAC,CAAC,CAAC,CAAC,CAAC,CAAC,CAAC,CAAC,CAAC,CAAC,CAAC,CAAC,CAAC,CAAC,CAAC,CAAC,eAAuB,CAAC,CAAC;AAC3C",
    "names": [],
    "sources": [
      ".map",
    ],
    "sourcesContent": undefined,
    "version": 3,
  },
}
`;
