// Vitest Snapshot v1

exports[`pnpm parse > should parse a pnpm lockfile 1`] = `
{
  "dependencies": {
    "tslib": "2.5.0",
  },
  "lockfileVersion": 5.4,
  "packages": {
    "/tslib/2.5.0": {
      "dev": false,
      "resolution": {
        "integrity": "sha512-336iVw3rtn2BUK7ORdIAHTyxHGRIHVReokCR3XjbckJMK7ms8FysBfhLR8IXnAgy7T0PTPNBWKiH514FOW/WSg==",
      },
    },
  },
  "specifiers": {
    "tslib": "^2.5.0",
  },
}
`;

exports[`pnpm toCommonLockfile > should convert a pnpm lockfile to a common lockfile 1`] = `
{
  "importers": {
    ".": {
      "dependencies": {
        "tslib": "2.5.0",
      },
      "devDependencies": undefined,
      "optionalDependencies": undefined,
      "specifiers": {
        "tslib": "^2.5.0",
      },
    },
  },
  "lockfileType": "pnpm",
  "lockfileVersion": 1,
  "name": "test",
  "overrides": undefined,
  "packages": {
    "/tslib/2.5.0": {
      "author": undefined,
      "cpu": undefined,
      "dependencies": undefined,
      "dev": false,
      "engines": undefined,
      "hasBin": undefined,
      "licenseFile": undefined,
      "optional": undefined,
      "optionalDependencies": undefined,
      "optionalPeerDependencies": [],
      "os": undefined,
      "patched": undefined,
      "peerDependencies": undefined,
      "requiresBuild": undefined,
      "resolution": {
        "integrity": "sha512-336iVw3rtn2BUK7ORdIAHTyxHGRIHVReokCR3XjbckJMK7ms8FysBfhLR8IXnAgy7T0PTPNBWKiH514FOW/WSg==",
      },
      "spdxLicenseId": undefined,
      "version": undefined,
    },
  },
  "path": "/home/henry/repos/esm/packages/unlocked/tests/fixtures/pnpm",
  "version": "1.0.0",
}
`;
